<?xml version="1.0" encoding="ISO-8859-1" ?>
<link_info>
   <banner>TI ARM Linker PC v20.2.7.LTS</banner>
   <copyright>Copyright (c) 1996-2018 Texas Instruments Incorporated</copyright>
   <link_time>0x64ea5e6e</link_time>
   <link_errors>0x0</link_errors>
   <output_file>try_GPS.out</output_file>
   <entry_point>
      <name>_c_int00_noargs</name>
      <address>0x3d15</address>
   </entry_point>
   <input_file_list>
      <input_file id="fl-2">
         <path>.\</path>
         <kind>object</kind>
         <file>VTS.obj</file>
         <name>VTS.obj</name>
      </input_file>
      <input_file id="fl-3">
         <path>.\</path>
         <kind>object</kind>
         <file>main.obj</file>
         <name>main.obj</name>
      </input_file>
      <input_file id="fl-4">
         <path>.\</path>
         <kind>object</kind>
         <file>tm4c123gh6pm_startup_ccs.obj</file>
         <name>tm4c123gh6pm_startup_ccs.obj</name>
      </input_file>
      <input_file id="fl-5">
         <path>.\ECUA\</path>
         <kind>object</kind>
         <file>GPS_Program.obj</file>
         <name>GPS_Program.obj</name>
      </input_file>
      <input_file id="fl-6">
         <path>.\ECUA\</path>
         <kind>object</kind>
         <file>GSM.obj</file>
         <name>GSM.obj</name>
      </input_file>
      <input_file id="fl-7">
         <path>.\Service\</path>
         <kind>object</kind>
         <file>Stack.obj</file>
         <name>Stack.obj</name>
      </input_file>
      <input_file id="fl-c">
         <kind>object</kind>
         <file>&lt;internal&gt;</file>
         <name>&lt;internal&gt;</name>
      </input_file>
      <input_file id="fl-d">
         <path>C:\ti\TivaWare_C_Series-2.2.0.295\driverlib\ccs\Debug\</path>
         <kind>archive</kind>
         <file>driverlib.lib</file>
         <name>gpio.obj</name>
      </input_file>
      <input_file id="fl-e">
         <path>C:\ti\TivaWare_C_Series-2.2.0.295\driverlib\ccs\Debug\</path>
         <kind>archive</kind>
         <file>driverlib.lib</file>
         <name>interrupt.obj</name>
      </input_file>
      <input_file id="fl-f">
         <path>C:\ti\TivaWare_C_Series-2.2.0.295\driverlib\ccs\Debug\</path>
         <kind>archive</kind>
         <file>driverlib.lib</file>
         <name>sysctl.obj</name>
      </input_file>
      <input_file id="fl-10">
         <path>C:\ti\TivaWare_C_Series-2.2.0.295\driverlib\ccs\Debug\</path>
         <kind>archive</kind>
         <file>driverlib.lib</file>
         <name>uart.obj</name>
      </input_file>
      <input_file id="fl-11">
         <path>C:\ti\TivaWare_C_Series-2.2.0.295\driverlib\ccs\Debug\</path>
         <kind>archive</kind>
         <file>driverlib.lib</file>
         <name>cpu.obj</name>
      </input_file>
      <input_file id="fl-c7">
         <path>C:\ti\ccs1230\ccs\tools\compiler\ti-cgt-arm_20.2.7.LTS\lib\</path>
         <kind>archive</kind>
         <file>rtsv7M4_T_le_v4SPD16_eabi.lib</file>
         <name>sprintf.c.obj</name>
      </input_file>
      <input_file id="fl-c8">
         <path>C:\ti\ccs1230\ccs\tools\compiler\ti-cgt-arm_20.2.7.LTS\lib\</path>
         <kind>archive</kind>
         <file>rtsv7M4_T_le_v4SPD16_eabi.lib</file>
         <name>fd_div_t2.asm.obj</name>
      </input_file>
      <input_file id="fl-c9">
         <path>C:\ti\ccs1230\ccs\tools\compiler\ti-cgt-arm_20.2.7.LTS\lib\</path>
         <kind>archive</kind>
         <file>rtsv7M4_T_le_v4SPD16_eabi.lib</file>
         <name>fd_mul_t2.asm.obj</name>
      </input_file>
      <input_file id="fl-ca">
         <path>C:\ti\ccs1230\ccs\tools\compiler\ti-cgt-arm_20.2.7.LTS\lib\</path>
         <kind>archive</kind>
         <file>rtsv7M4_T_le_v4SPD16_eabi.lib</file>
         <name>fd_tos_t2.asm.obj</name>
      </input_file>
      <input_file id="fl-cb">
         <path>C:\ti\ccs1230\ccs\tools\compiler\ti-cgt-arm_20.2.7.LTS\lib\</path>
         <kind>archive</kind>
         <file>rtsv7M4_T_le_v4SPD16_eabi.lib</file>
         <name>fd_tou_t2.asm.obj</name>
      </input_file>
      <input_file id="fl-cc">
         <path>C:\ti\ccs1230\ccs\tools\compiler\ti-cgt-arm_20.2.7.LTS\lib\</path>
         <kind>archive</kind>
         <file>rtsv7M4_T_le_v4SPD16_eabi.lib</file>
         <name>fs_tod_t2.asm.obj</name>
      </input_file>
      <input_file id="fl-cd">
         <path>C:\ti\ccs1230\ccs\tools\compiler\ti-cgt-arm_20.2.7.LTS\lib\</path>
         <kind>archive</kind>
         <file>rtsv7M4_T_le_v4SPD16_eabi.lib</file>
         <name>memcpy_t2.asm.obj</name>
      </input_file>
      <input_file id="fl-ce">
         <path>C:\ti\ccs1230\ccs\tools\compiler\ti-cgt-arm_20.2.7.LTS\lib\</path>
         <kind>archive</kind>
         <file>rtsv7M4_T_le_v4SPD16_eabi.lib</file>
         <name>u_tofd_t2.asm.obj</name>
      </input_file>
      <input_file id="fl-cf">
         <path>C:\ti\ccs1230\ccs\tools\compiler\ti-cgt-arm_20.2.7.LTS\lib\</path>
         <kind>archive</kind>
         <file>rtsv7M4_T_le_v4SPD16_eabi.lib</file>
         <name>memset_t2.asm.obj</name>
      </input_file>
      <input_file id="fl-d0">
         <path>C:\ti\ccs1230\ccs\tools\compiler\ti-cgt-arm_20.2.7.LTS\lib\</path>
         <kind>archive</kind>
         <file>rtsv7M4_T_le_v4SPD16_eabi.lib</file>
         <name>copy_zero_init.c.obj</name>
      </input_file>
      <input_file id="fl-d1">
         <path>C:\ti\ccs1230\ccs\tools\compiler\ti-cgt-arm_20.2.7.LTS\lib\</path>
         <kind>archive</kind>
         <file>rtsv7M4_T_le_v4SPD16_eabi.lib</file>
         <name>copy_decompress_none.c.obj</name>
      </input_file>
      <input_file id="fl-d2">
         <path>C:\ti\ccs1230\ccs\tools\compiler\ti-cgt-arm_20.2.7.LTS\lib\</path>
         <kind>archive</kind>
         <file>rtsv7M4_T_le_v4SPD16_eabi.lib</file>
         <name>copy_decompress_lzss.c.obj</name>
      </input_file>
      <input_file id="fl-d3">
         <path>C:\ti\ccs1230\ccs\tools\compiler\ti-cgt-arm_20.2.7.LTS\lib\</path>
         <kind>archive</kind>
         <file>rtsv7M4_T_le_v4SPD16_eabi.lib</file>
         <name>atof.c.obj</name>
      </input_file>
      <input_file id="fl-d4">
         <path>C:\ti\ccs1230\ccs\tools\compiler\ti-cgt-arm_20.2.7.LTS\lib\</path>
         <kind>archive</kind>
         <file>rtsv7M4_T_le_v4SPD16_eabi.lib</file>
         <name>atoi.c.obj</name>
      </input_file>
      <input_file id="fl-d5">
         <path>C:\ti\ccs1230\ccs\tools\compiler\ti-cgt-arm_20.2.7.LTS\lib\</path>
         <kind>archive</kind>
         <file>rtsv7M4_T_le_v4SPD16_eabi.lib</file>
         <name>ctype.c.obj</name>
      </input_file>
      <input_file id="fl-d6">
         <path>C:\ti\ccs1230\ccs\tools\compiler\ti-cgt-arm_20.2.7.LTS\lib\</path>
         <kind>archive</kind>
         <file>rtsv7M4_T_le_v4SPD16_eabi.lib</file>
         <name>memmov.c.obj</name>
      </input_file>
      <input_file id="fl-d7">
         <path>C:\ti\ccs1230\ccs\tools\compiler\ti-cgt-arm_20.2.7.LTS\lib\</path>
         <kind>archive</kind>
         <file>rtsv7M4_T_le_v4SPD16_eabi.lib</file>
         <name>strlen.c.obj</name>
      </input_file>
      <input_file id="fl-d8">
         <path>C:\ti\ccs1230\ccs\tools\compiler\ti-cgt-arm_20.2.7.LTS\lib\</path>
         <kind>archive</kind>
         <file>rtsv7M4_T_le_v4SPD16_eabi.lib</file>
         <name>strncmp.c.obj</name>
      </input_file>
      <input_file id="fl-d9">
         <path>C:\ti\ccs1230\ccs\tools\compiler\ti-cgt-arm_20.2.7.LTS\lib\</path>
         <kind>archive</kind>
         <file>rtsv7M4_T_le_v4SPD16_eabi.lib</file>
         <name>strncpy.c.obj</name>
      </input_file>
      <input_file id="fl-da">
         <path>C:\ti\ccs1230\ccs\tools\compiler\ti-cgt-arm_20.2.7.LTS\lib\</path>
         <kind>archive</kind>
         <file>rtsv7M4_T_le_v4SPD16_eabi.lib</file>
         <name>strstr.c.obj</name>
      </input_file>
      <input_file id="fl-db">
         <path>C:\ti\ccs1230\ccs\tools\compiler\ti-cgt-arm_20.2.7.LTS\lib\</path>
         <kind>archive</kind>
         <file>rtsv7M4_T_le_v4SPD16_eabi.lib</file>
         <name>strtod.c.obj</name>
      </input_file>
      <input_file id="fl-dc">
         <path>C:\ti\ccs1230\ccs\tools\compiler\ti-cgt-arm_20.2.7.LTS\lib\</path>
         <kind>archive</kind>
         <file>rtsv7M4_T_le_v4SPD16_eabi.lib</file>
         <name>boot_cortex_m.c.obj</name>
      </input_file>
      <input_file id="fl-dd">
         <path>C:\ti\ccs1230\ccs\tools\compiler\ti-cgt-arm_20.2.7.LTS\lib\</path>
         <kind>archive</kind>
         <file>rtsv7M4_T_le_v4SPD16_eabi.lib</file>
         <name>errno.c.obj</name>
      </input_file>
      <input_file id="fl-de">
         <path>C:\ti\ccs1230\ccs\tools\compiler\ti-cgt-arm_20.2.7.LTS\lib\</path>
         <kind>archive</kind>
         <file>rtsv7M4_T_le_v4SPD16_eabi.lib</file>
         <name>s_scalbn.c.obj</name>
      </input_file>
      <input_file id="fl-df">
         <path>C:\ti\ccs1230\ccs\tools\compiler\ti-cgt-arm_20.2.7.LTS\lib\</path>
         <kind>archive</kind>
         <file>rtsv7M4_T_le_v4SPD16_eabi.lib</file>
         <name>_printfi.c.obj</name>
      </input_file>
      <input_file id="fl-e0">
         <path>C:\ti\ccs1230\ccs\tools\compiler\ti-cgt-arm_20.2.7.LTS\lib\</path>
         <kind>archive</kind>
         <file>rtsv7M4_T_le_v4SPD16_eabi.lib</file>
         <name>fd_add_t2.asm.obj</name>
      </input_file>
      <input_file id="fl-e1">
         <path>C:\ti\ccs1230\ccs\tools\compiler\ti-cgt-arm_20.2.7.LTS\lib\</path>
         <kind>archive</kind>
         <file>rtsv7M4_T_le_v4SPD16_eabi.lib</file>
         <name>fd_cmp_t2.asm.obj</name>
      </input_file>
      <input_file id="fl-e2">
         <path>C:\ti\ccs1230\ccs\tools\compiler\ti-cgt-arm_20.2.7.LTS\lib\</path>
         <kind>archive</kind>
         <file>rtsv7M4_T_le_v4SPD16_eabi.lib</file>
         <name>fd_toi_t2.asm.obj</name>
      </input_file>
      <input_file id="fl-e3">
         <path>C:\ti\ccs1230\ccs\tools\compiler\ti-cgt-arm_20.2.7.LTS\lib\</path>
         <kind>archive</kind>
         <file>rtsv7M4_T_le_v4SPD16_eabi.lib</file>
         <name>i_tofd_t2.asm.obj</name>
      </input_file>
      <input_file id="fl-e4">
         <path>C:\ti\ccs1230\ccs\tools\compiler\ti-cgt-arm_20.2.7.LTS\lib\</path>
         <kind>archive</kind>
         <file>rtsv7M4_T_le_v4SPD16_eabi.lib</file>
         <name>ull_div_t2.asm.obj</name>
      </input_file>
      <input_file id="fl-e5">
         <path>C:\ti\ccs1230\ccs\tools\compiler\ti-cgt-arm_20.2.7.LTS\lib\</path>
         <kind>archive</kind>
         <file>rtsv7M4_T_le_v4SPD16_eabi.lib</file>
         <name>autoinit.c.obj</name>
      </input_file>
      <input_file id="fl-e6">
         <path>C:\ti\ccs1230\ccs\tools\compiler\ti-cgt-arm_20.2.7.LTS\lib\</path>
         <kind>archive</kind>
         <file>rtsv7M4_T_le_v4SPD16_eabi.lib</file>
         <name>pre_init.c.obj</name>
      </input_file>
      <input_file id="fl-e7">
         <path>C:\ti\ccs1230\ccs\tools\compiler\ti-cgt-arm_20.2.7.LTS\lib\</path>
         <kind>archive</kind>
         <file>rtsv7M4_T_le_v4SPD16_eabi.lib</file>
         <name>cpy_tbl.c.obj</name>
      </input_file>
      <input_file id="fl-e8">
         <path>C:\ti\ccs1230\ccs\tools\compiler\ti-cgt-arm_20.2.7.LTS\lib\</path>
         <kind>archive</kind>
         <file>rtsv7M4_T_le_v4SPD16_eabi.lib</file>
         <name>exit.c.obj</name>
      </input_file>
      <input_file id="fl-e9">
         <path>C:\ti\ccs1230\ccs\tools\compiler\ti-cgt-arm_20.2.7.LTS\lib\</path>
         <kind>archive</kind>
         <file>rtsv7M4_T_le_v4SPD16_eabi.lib</file>
         <name>_lock.c.obj</name>
      </input_file>
      <input_file id="fl-ea">
         <path>C:\ti\ccs1230\ccs\tools\compiler\ti-cgt-arm_20.2.7.LTS\lib\</path>
         <kind>archive</kind>
         <file>rtsv7M4_T_le_v4SPD16_eabi.lib</file>
         <name>_ltoa.c.obj</name>
      </input_file>
      <input_file id="fl-eb">
         <path>C:\ti\ccs1230\ccs\tools\compiler\ti-cgt-arm_20.2.7.LTS\lib\</path>
         <kind>archive</kind>
         <file>rtsv7M4_T_le_v4SPD16_eabi.lib</file>
         <name>args_main.c.obj</name>
      </input_file>
      <input_file id="fl-ec">
         <path>C:\ti\ccs1230\ccs\tools\compiler\ti-cgt-arm_20.2.7.LTS\lib\</path>
         <kind>archive</kind>
         <file>rtsv7M4_T_le_v4SPD16_eabi.lib</file>
         <name>memccpy.c.obj</name>
      </input_file>
      <input_file id="fl-ed">
         <path>C:\ti\ccs1230\ccs\tools\compiler\ti-cgt-arm_20.2.7.LTS\lib\</path>
         <kind>archive</kind>
         <file>rtsv7M4_T_le_v4SPD16_eabi.lib</file>
         <name>strchr.c.obj</name>
      </input_file>
      <input_file id="fl-ee">
         <path>C:\ti\ccs1230\ccs\tools\compiler\ti-cgt-arm_20.2.7.LTS\lib\</path>
         <kind>archive</kind>
         <file>rtsv7M4_T_le_v4SPD16_eabi.lib</file>
         <name>wcslen.c.obj</name>
      </input_file>
      <input_file id="fl-ef">
         <path>C:\ti\ccs1230\ccs\tools\compiler\ti-cgt-arm_20.2.7.LTS\lib\</path>
         <kind>archive</kind>
         <file>rtsv7M4_T_le_v4SPD16_eabi.lib</file>
         <name>s_copysign.c.obj</name>
      </input_file>
      <input_file id="fl-f0">
         <path>C:\ti\ccs1230\ccs\tools\compiler\ti-cgt-arm_20.2.7.LTS\lib\</path>
         <kind>archive</kind>
         <file>rtsv7M4_T_le_v4SPD16_eabi.lib</file>
         <name>s_frexp.c.obj</name>
      </input_file>
      <input_file id="fl-f1">
         <path>C:\ti\ccs1230\ccs\tools\compiler\ti-cgt-arm_20.2.7.LTS\lib\</path>
         <kind>archive</kind>
         <file>rtsv7M4_T_le_v4SPD16_eabi.lib</file>
         <name>div0.asm.obj</name>
      </input_file>
   </input_file_list>
   <object_component_list>
      <object_component id="oc-12">
         <name>.intvecs</name>
         <load_address>0x0</load_address>
         <run_address>0x0</run_address>
         <size>0x26c</size>
         <input_file_ref idref="fl-4"/>
      </object_component>
      <object_component id="oc-24b">
         <name>.text:__TI_printfi</name>
         <load_address>0x26c</load_address>
         <run_address>0x26c</run_address>
         <size>0xa4e</size>
         <input_file_ref idref="fl-df"/>
      </object_component>
      <object_component id="oc-41e">
         <name>.text</name>
         <load_address>0xcba</load_address>
         <run_address>0xcba</run_address>
         <size>0x2</size>
         <input_file_ref idref="fl-f1"/>
      </object_component>
      <object_component id="oc-d5">
         <name>.text</name>
         <load_address>0xcbc</load_address>
         <run_address>0xcbc</run_address>
         <size>0x988</size>
         <input_file_ref idref="fl-6"/>
      </object_component>
      <object_component id="oc-2cb">
         <name>.text:strtod</name>
         <load_address>0x1644</load_address>
         <run_address>0x1644</run_address>
         <size>0x460</size>
         <input_file_ref idref="fl-db"/>
      </object_component>
      <object_component id="oc-db">
         <name>.text</name>
         <load_address>0x1aa4</load_address>
         <run_address>0x1aa4</run_address>
         <size>0x3f0</size>
         <input_file_ref idref="fl-5"/>
      </object_component>
      <object_component id="oc-c3">
         <name>.text</name>
         <load_address>0x1e94</load_address>
         <run_address>0x1e94</run_address>
         <size>0x36c</size>
         <input_file_ref idref="fl-2"/>
      </object_component>
      <object_component id="oc-32a">
         <name>.text:_pconv_a</name>
         <load_address>0x2200</load_address>
         <run_address>0x2200</run_address>
         <size>0x270</size>
         <input_file_ref idref="fl-df"/>
      </object_component>
      <object_component id="oc-318">
         <name>.text:_pconv_g</name>
         <load_address>0x2470</load_address>
         <run_address>0x2470</run_address>
         <size>0x1d0</size>
         <input_file_ref idref="fl-df"/>
      </object_component>
      <object_component id="oc-37b">
         <name>.text</name>
         <load_address>0x2640</load_address>
         <run_address>0x2640</run_address>
         <size>0x1b6</size>
         <input_file_ref idref="fl-e0"/>
      </object_component>
      <object_component id="oc-16a">
         <name>.text:GPIOPadConfigSet</name>
         <load_address>0x27f8</load_address>
         <run_address>0x27f8</run_address>
         <size>0x16c</size>
         <input_file_ref idref="fl-d"/>
      </object_component>
      <object_component id="oc-324">
         <name>.text:_pconv_e</name>
         <load_address>0x2964</load_address>
         <run_address>0x2964</run_address>
         <size>0x13c</size>
         <input_file_ref idref="fl-df"/>
      </object_component>
      <object_component id="oc-1eb">
         <name>.text</name>
         <load_address>0x2aa0</load_address>
         <run_address>0x2aa0</run_address>
         <size>0x136</size>
         <input_file_ref idref="fl-c8"/>
      </object_component>
      <object_component id="oc-3cc">
         <name>.text:fcvt</name>
         <load_address>0x2bd8</load_address>
         <run_address>0x2bd8</run_address>
         <size>0x124</size>
         <input_file_ref idref="fl-df"/>
      </object_component>
      <object_component id="oc-189">
         <name>.text:SysCtlClockGet</name>
         <load_address>0x2cfc</load_address>
         <run_address>0x2cfc</run_address>
         <size>0x118</size>
         <input_file_ref idref="fl-f"/>
      </object_component>
      <object_component id="oc-380">
         <name>.text:scalbn</name>
         <load_address>0x2e14</load_address>
         <run_address>0x2e14</run_address>
         <size>0x110</size>
         <input_file_ref idref="fl-de"/>
      </object_component>
      <object_component id="oc-1f0">
         <name>.text</name>
         <load_address>0x2f24</load_address>
         <run_address>0x2f24</run_address>
         <size>0xfc</size>
         <input_file_ref idref="fl-c9"/>
      </object_component>
      <object_component id="oc-12f">
         <name>.text:SysCtlClockSet</name>
         <load_address>0x3020</load_address>
         <run_address>0x3020</run_address>
         <size>0xf4</size>
         <input_file_ref idref="fl-f"/>
      </object_component>
      <object_component id="oc-9b">
         <name>.text</name>
         <load_address>0x3114</load_address>
         <run_address>0x3114</run_address>
         <size>0xe8</size>
         <input_file_ref idref="fl-3"/>
      </object_component>
      <object_component id="oc-158">
         <name>.text</name>
         <load_address>0x31fc</load_address>
         <run_address>0x31fc</run_address>
         <size>0xc0</size>
         <input_file_ref idref="fl-7"/>
      </object_component>
      <object_component id="oc-30d">
         <name>.text:_ltostr</name>
         <load_address>0x32bc</load_address>
         <run_address>0x32bc</run_address>
         <size>0xb1</size>
         <input_file_ref idref="fl-df"/>
      </object_component>
      <object_component id="oc-3b">
         <name>.text</name>
         <load_address>0x336e</load_address>
         <run_address>0x336e</run_address>
         <size>0x9c</size>
         <input_file_ref idref="fl-cd"/>
      </object_component>
      <object_component id="oc-3a3">
         <name>.text</name>
         <load_address>0x340a</load_address>
         <run_address>0x340a</run_address>
         <size>0x96</size>
         <input_file_ref idref="fl-e4"/>
      </object_component>
      <object_component id="oc-313">
         <name>.text:__aeabi_cdcmple</name>
         <load_address>0x34a0</load_address>
         <run_address>0x34a0</run_address>
         <size>0x86</size>
         <input_file_ref idref="fl-e1"/>
      </object_component>
      <object_component id="oc-3aa">
         <name>.text:__aeabi_cdrcmple</name>
         <load_address>0x3526</load_address>
         <run_address>0x3526</run_address>
         <size>0x86</size>
         <input_file_ref idref="fl-e1"/>
      </object_component>
      <object_component id="oc-8f">
         <name>.text</name>
         <load_address>0x35ac</load_address>
         <run_address>0x35ac</run_address>
         <size>0x7a</size>
         <input_file_ref idref="fl-cf"/>
      </object_component>
      <object_component id="oc-3c5">
         <name>.text:_mcpy</name>
         <load_address>0x3626</load_address>
         <run_address>0x3626</run_address>
         <size>0x6e</size>
         <input_file_ref idref="fl-df"/>
      </object_component>
      <object_component id="oc-202">
         <name>.text</name>
         <load_address>0x3694</load_address>
         <run_address>0x3694</run_address>
         <size>0x6e</size>
         <input_file_ref idref="fl-ca"/>
      </object_component>
      <object_component id="oc-1a1">
         <name>.text:IntEnable</name>
         <load_address>0x3704</load_address>
         <run_address>0x3704</run_address>
         <size>0x68</size>
         <input_file_ref idref="fl-e"/>
      </object_component>
      <object_component id="oc-15">
         <name>.text:decompress:lzss:__TI_decompress_lzss</name>
         <load_address>0x376c</load_address>
         <run_address>0x376c</run_address>
         <size>0x68</size>
         <input_file_ref idref="fl-d2"/>
      </object_component>
      <object_component id="oc-3da">
         <name>.text:frexp</name>
         <load_address>0x37d4</load_address>
         <run_address>0x37d4</run_address>
         <size>0x64</size>
         <input_file_ref idref="fl-f0"/>
      </object_component>
      <object_component id="oc-141">
         <name>.text:GPIOIntTypeSet</name>
         <load_address>0x3838</load_address>
         <run_address>0x3838</run_address>
         <size>0x58</size>
         <input_file_ref idref="fl-d"/>
      </object_component>
      <object_component id="oc-31e">
         <name>.text:_pconv_f</name>
         <load_address>0x3890</load_address>
         <run_address>0x3890</run_address>
         <size>0x56</size>
         <input_file_ref idref="fl-df"/>
      </object_component>
      <object_component id="oc-3b4">
         <name>.text:__TI_ltoa</name>
         <load_address>0x38e6</load_address>
         <run_address>0x38e6</run_address>
         <size>0x54</size>
         <input_file_ref idref="fl-ea"/>
      </object_component>
      <object_component id="oc-3bf">
         <name>.text:_ecpy</name>
         <load_address>0x393a</load_address>
         <run_address>0x393a</run_address>
         <size>0x52</size>
         <input_file_ref idref="fl-df"/>
      </object_component>
      <object_component id="oc-17d">
         <name>.text:GPIOPinConfigure</name>
         <load_address>0x398c</load_address>
         <run_address>0x398c</run_address>
         <size>0x4c</size>
         <input_file_ref idref="fl-d"/>
      </object_component>
      <object_component id="oc-1c5">
         <name>.text:atoi</name>
         <load_address>0x39d8</load_address>
         <run_address>0x39d8</run_address>
         <size>0x4c</size>
         <input_file_ref idref="fl-d4"/>
      </object_component>
      <object_component id="oc-3af">
         <name>.text</name>
         <load_address>0x3a24</load_address>
         <run_address>0x3a24</run_address>
         <size>0x48</size>
         <input_file_ref idref="fl-e2"/>
      </object_component>
      <object_component id="oc-18f">
         <name>.text:UARTConfigSetExpClk</name>
         <load_address>0x3a6c</load_address>
         <run_address>0x3a6c</run_address>
         <size>0x46</size>
         <input_file_ref idref="fl-10"/>
      </object_component>
      <object_component id="oc-23a">
         <name>.text:_GPIOIntNumberGet</name>
         <load_address>0x3ab4</load_address>
         <run_address>0x3ab4</run_address>
         <size>0x44</size>
         <input_file_ref idref="fl-d"/>
      </object_component>
      <object_component id="oc-f1">
         <name>.text:__TI_auto_init_nobinit_nopinit:__TI_auto_init_nobinit_nopinit</name>
         <load_address>0x3af8</load_address>
         <run_address>0x3af8</run_address>
         <size>0x44</size>
         <input_file_ref idref="fl-e5"/>
      </object_component>
      <object_component id="oc-1f5">
         <name>.text</name>
         <load_address>0x3b3c</load_address>
         <run_address>0x3b3c</run_address>
         <size>0x44</size>
         <input_file_ref idref="fl-cb"/>
      </object_component>
      <object_component id="oc-29e">
         <name>.text:_UARTIntNumberGet</name>
         <load_address>0x3b80</load_address>
         <run_address>0x3b80</run_address>
         <size>0x40</size>
         <input_file_ref idref="fl-10"/>
      </object_component>
      <object_component id="oc-152">
         <name>.text:sprintf</name>
         <load_address>0x3bc0</load_address>
         <run_address>0x3bc0</run_address>
         <size>0x40</size>
         <input_file_ref idref="fl-c7"/>
      </object_component>
      <object_component id="oc-3d2">
         <name>.text:_fcpy</name>
         <load_address>0x3c00</load_address>
         <run_address>0x3c00</run_address>
         <size>0x3e</size>
         <input_file_ref idref="fl-df"/>
      </object_component>
      <object_component id="oc-14d">
         <name>.text</name>
         <load_address>0x3c3e</load_address>
         <run_address>0x3c3e</run_address>
         <size>0x38</size>
         <input_file_ref idref="fl-cc"/>
      </object_component>
      <object_component id="oc-1bf">
         <name>.text:strncpy</name>
         <load_address>0x3c76</load_address>
         <run_address>0x3c76</run_address>
         <size>0x36</size>
         <input_file_ref idref="fl-d9"/>
      </object_component>
      <object_component id="oc-240">
         <name>.text:IntRegister</name>
         <load_address>0x3cac</load_address>
         <run_address>0x3cac</run_address>
         <size>0x34</size>
         <input_file_ref idref="fl-e"/>
      </object_component>
      <object_component id="oc-c9">
         <name>.text:SysCtlPeripheralEnable</name>
         <load_address>0x3ce0</load_address>
         <run_address>0x3ce0</run_address>
         <size>0x34</size>
         <input_file_ref idref="fl-f"/>
      </object_component>
      <object_component id="oc-59">
         <name>.text:_c_int00_noargs:_c_int00_noargs</name>
         <load_address>0x3d14</load_address>
         <run_address>0x3d14</run_address>
         <size>0x34</size>
         <input_file_ref idref="fl-dc"/>
      </object_component>
      <object_component id="oc-1cb">
         <name>.text:strstr</name>
         <load_address>0x3d48</load_address>
         <run_address>0x3d48</run_address>
         <size>0x34</size>
         <input_file_ref idref="fl-da"/>
      </object_component>
      <object_component id="oc-3ba">
         <name>.text</name>
         <load_address>0x3d7c</load_address>
         <run_address>0x3d7c</run_address>
         <size>0x2e</size>
         <input_file_ref idref="fl-e3"/>
      </object_component>
      <object_component id="oc-170">
         <name>.text:GPIODirModeSet</name>
         <load_address>0x3daa</load_address>
         <run_address>0x3daa</run_address>
         <size>0x2c</size>
         <input_file_ref idref="fl-d"/>
      </object_component>
      <object_component id="oc-1b9">
         <name>.text:strncmp</name>
         <load_address>0x3dd6</load_address>
         <run_address>0x3dd6</run_address>
         <size>0x2c</size>
         <input_file_ref idref="fl-d8"/>
      </object_component>
      <object_component id="oc-1b3">
         <name>.text:memmove</name>
         <load_address>0x3e02</load_address>
         <run_address>0x3e02</run_address>
         <size>0x28</size>
         <input_file_ref idref="fl-d6"/>
      </object_component>
      <object_component id="oc-290">
         <name>.text:UARTDisable</name>
         <load_address>0x3e2c</load_address>
         <run_address>0x3e2c</run_address>
         <size>0x20</size>
         <input_file_ref idref="fl-10"/>
      </object_component>
      <object_component id="oc-1e6">
         <name>.text</name>
         <load_address>0x3e4c</load_address>
         <run_address>0x3e4c</run_address>
         <size>0x20</size>
         <input_file_ref idref="fl-ce"/>
      </object_component>
      <object_component id="oc-330">
         <name>.text:memccpy</name>
         <load_address>0x3e6c</load_address>
         <run_address>0x3e6c</run_address>
         <size>0x1c</size>
         <input_file_ref idref="fl-ec"/>
      </object_component>
      <object_component id="oc-cf">
         <name>.text:GPIOPinTypeGPIOOutput</name>
         <load_address>0x3e88</load_address>
         <run_address>0x3e88</run_address>
         <size>0x1a</size>
         <input_file_ref idref="fl-d"/>
      </object_component>
      <object_component id="oc-40d">
         <name>.text:copysign</name>
         <load_address>0x3ea2</load_address>
         <run_address>0x3ea2</run_address>
         <size>0x1a</size>
         <input_file_ref idref="fl-ef"/>
      </object_component>
      <object_component id="oc-135">
         <name>.text:GPIOIntRegister</name>
         <load_address>0x3ebc</load_address>
         <run_address>0x3ebc</run_address>
         <size>0x18</size>
         <input_file_ref idref="fl-d"/>
      </object_component>
      <object_component id="oc-195">
         <name>.text:UARTIntRegister</name>
         <load_address>0x3ed4</load_address>
         <run_address>0x3ed4</run_address>
         <size>0x18</size>
         <input_file_ref idref="fl-10"/>
      </object_component>
      <object_component id="oc-251">
         <name>.text:_outs</name>
         <load_address>0x3eec</load_address>
         <run_address>0x3eec</run_address>
         <size>0x18</size>
         <input_file_ref idref="fl-c7"/>
      </object_component>
      <object_component id="oc-13b">
         <name>.text:GPIOPinTypeGPIOInput</name>
         <load_address>0x3f04</load_address>
         <run_address>0x3f04</run_address>
         <size>0x16</size>
         <input_file_ref idref="fl-d"/>
      </object_component>
      <object_component id="oc-183">
         <name>.text:GPIOPinTypeUART</name>
         <load_address>0x3f1a</load_address>
         <run_address>0x3f1a</run_address>
         <size>0x16</size>
         <input_file_ref idref="fl-d"/>
      </object_component>
      <object_component id="oc-3e0">
         <name>.text:strchr</name>
         <load_address>0x3f30</load_address>
         <run_address>0x3f30</run_address>
         <size>0x16</size>
         <input_file_ref idref="fl-ed"/>
      </object_component>
      <object_component id="oc-296">
         <name>.text:UARTEnable</name>
         <load_address>0x3f46</load_address>
         <run_address>0x3f46</run_address>
         <size>0x14</size>
         <input_file_ref idref="fl-10"/>
      </object_component>
      <object_component id="oc-1ad">
         <name>.text:strlen</name>
         <load_address>0x3f5a</load_address>
         <run_address>0x3f5a</run_address>
         <size>0x14</size>
         <input_file_ref idref="fl-d7"/>
      </object_component>
      <object_component id="oc-1fc">
         <name>.text:atof</name>
         <load_address>0x3f6e</load_address>
         <run_address>0x3f6e</run_address>
         <size>0x12</size>
         <input_file_ref idref="fl-d3"/>
      </object_component>
      <object_component id="oc-336">
         <name>.text:wcslen</name>
         <load_address>0x3f80</load_address>
         <run_address>0x3f80</run_address>
         <size>0x12</size>
         <input_file_ref idref="fl-ee"/>
      </object_component>
      <object_component id="oc-19b">
         <name>.text:IntMasterEnable</name>
         <load_address>0x3f92</load_address>
         <run_address>0x3f92</run_address>
         <size>0x10</size>
         <input_file_ref idref="fl-e"/>
      </object_component>
      <object_component id="oc-1e0">
         <name>.text:UARTCharGetNonBlocking</name>
         <load_address>0x3fa2</load_address>
         <run_address>0x3fa2</run_address>
         <size>0xe</size>
         <input_file_ref idref="fl-10"/>
      </object_component>
      <object_component id="oc-1b">
         <name>.text:decompress:none:__TI_decompress_none</name>
         <load_address>0x3fb0</load_address>
         <run_address>0x3fb0</run_address>
         <size>0xe</size>
         <input_file_ref idref="fl-d1"/>
      </object_component>
      <object_component id="oc-2a5">
         <name>.text:CPUcpsie</name>
         <load_address>0x3fbe</load_address>
         <run_address>0x3fbe</run_address>
         <size>0xc</size>
         <input_file_ref idref="fl-11"/>
      </object_component>
      <object_component id="oc-147">
         <name>.text:GPIOIntEnable</name>
         <load_address>0x3fca</load_address>
         <run_address>0x3fca</run_address>
         <size>0xc</size>
         <input_file_ref idref="fl-d"/>
      </object_component>
      <object_component id="oc-4d">
         <name>.text:decompress:ZI:__TI_zero_init</name>
         <load_address>0x3fd6</load_address>
         <run_address>0x3fd6</run_address>
         <size>0xc</size>
         <input_file_ref idref="fl-d0"/>
      </object_component>
      <object_component id="oc-27">
         <name>.text</name>
         <load_address>0x3fe2</load_address>
         <run_address>0x3fe2</run_address>
         <size>0xc</size>
         <input_file_ref idref="fl-4"/>
      </object_component>
      <object_component id="oc-1d4">
         <name>.text:UARTCharPut</name>
         <load_address>0x3fee</load_address>
         <run_address>0x3fee</run_address>
         <size>0xa</size>
         <input_file_ref idref="fl-10"/>
      </object_component>
      <object_component id="oc-257">
         <name>.text:_outc</name>
         <load_address>0x3ff8</load_address>
         <run_address>0x3ff8</run_address>
         <size>0xa</size>
         <input_file_ref idref="fl-c7"/>
      </object_component>
      <object_component id="oc-1a7">
         <name>.text:UARTIntEnable</name>
         <load_address>0x4002</load_address>
         <run_address>0x4002</run_address>
         <size>0x8</size>
         <input_file_ref idref="fl-10"/>
      </object_component>
      <object_component id="oc-33c">
         <name>.text:__aeabi_errno_addr</name>
         <load_address>0x400c</load_address>
         <run_address>0x400c</run_address>
         <size>0x8</size>
         <input_file_ref idref="fl-dd"/>
      </object_component>
      <object_component id="oc-1fa">
         <name>.text:SysCtlDelay</name>
         <load_address>0x4014</load_address>
         <run_address>0x4014</run_address>
         <size>0x6</size>
         <input_file_ref idref="fl-f"/>
      </object_component>
      <object_component id="oc-95">
         <name>.text:_system_pre_init</name>
         <load_address>0x401a</load_address>
         <run_address>0x401a</run_address>
         <size>0x4</size>
         <input_file_ref idref="fl-e6"/>
      </object_component>
      <object_component id="oc-e5">
         <name>.text:abort:abort</name>
         <load_address>0x401e</load_address>
         <run_address>0x401e</run_address>
         <size>0x4</size>
         <input_file_ref idref="fl-e8"/>
      </object_component>
      <object_component id="oc-e1">
         <name>.const:Lat_Lang</name>
         <load_address>0x4028</load_address>
         <run_address>0x4028</run_address>
         <size>0x140</size>
         <input_file_ref idref="fl-3"/>
      </object_component>
      <object_component id="oc-2ba">
         <name>.const:.string:_ctypes_</name>
         <load_address>0x4168</load_address>
         <run_address>0x4168</run_address>
         <size>0x101</size>
         <input_file_ref idref="fl-d5"/>
      </object_component>
      <object_component id="oc-305">
         <name>.const:g_ppui32GPIOIntMapSnowflake</name>
         <load_address>0x426c</load_address>
         <run_address>0x426c</run_address>
         <size>0xd8</size>
         <input_file_ref idref="fl-d"/>
      </object_component>
      <object_component id="oc-211">
         <name>.const</name>
         <load_address>0x4344</load_address>
         <run_address>0x4344</run_address>
         <size>0x4</size>
         <input_file_ref idref="fl-5"/>
      </object_component>
      <object_component id="oc-386">
         <name>.const:$O1$$</name>
         <load_address>0x4348</load_address>
         <run_address>0x4348</run_address>
         <size>0xc8</size>
         <input_file_ref idref="fl-db"/>
      </object_component>
      <object_component id="oc-302">
         <name>.const:g_ppui32GPIOIntMapBlizzard</name>
         <load_address>0x4410</load_address>
         <run_address>0x4410</run_address>
         <size>0xc0</size>
         <input_file_ref idref="fl-d"/>
      </object_component>
      <object_component id="oc-287">
         <name>.const:g_pui32GPIOBaseAddrs</name>
         <load_address>0x44d0</load_address>
         <run_address>0x44d0</run_address>
         <size>0x90</size>
         <input_file_ref idref="fl-d"/>
      </object_component>
      <object_component id="oc-28c">
         <name>.const:g_pui32Xtals</name>
         <load_address>0x4560</load_address>
         <run_address>0x4560</run_address>
         <size>0x6c</size>
         <input_file_ref idref="fl-f"/>
      </object_component>
      <object_component id="oc-360">
         <name>.const:g_ppui32UARTIntMap</name>
         <load_address>0x45cc</load_address>
         <run_address>0x45cc</run_address>
         <size>0x40</size>
         <input_file_ref idref="fl-10"/>
      </object_component>
      <object_component id="oc-363">
         <name>.const:g_ppui32UARTIntMapSnowflake</name>
         <load_address>0x460c</load_address>
         <run_address>0x460c</run_address>
         <size>0x40</size>
         <input_file_ref idref="fl-10"/>
      </object_component>
      <object_component id="oc-2ac">
         <name>.const:g_pui32EnRegs</name>
         <load_address>0x464c</load_address>
         <run_address>0x464c</run_address>
         <size>0x14</size>
         <input_file_ref idref="fl-e"/>
      </object_component>
      <object_component id="oc-2da">
         <name>.const:.string</name>
         <load_address>0x4660</load_address>
         <run_address>0x4660</run_address>
         <size>0x8</size>
         <input_file_ref idref="fl-5"/>
      </object_component>
      <object_component id="oc-47e">
         <name>.cinit..data.load</name>
         <load_address>0x4668</load_address>
         <run_address>0x4668</run_address>
         <size>0x17</size>
      </object_component>
      <object_component id="oc-47b">
         <name>__TI_handler_table</name>
         <load_address>0x4680</load_address>
         <run_address>0x4680</run_address>
         <size>0xc</size>
      </object_component>
      <object_component id="oc-47f">
         <name>.cinit..bss.load</name>
         <load_address>0x4690</load_address>
         <run_address>0x4690</run_address>
         <size>0x8</size>
      </object_component>
      <object_component id="oc-47d">
         <name>.cinit..vtable.load</name>
         <load_address>0x4698</load_address>
         <run_address>0x4698</run_address>
         <size>0x8</size>
      </object_component>
      <object_component id="oc-47c">
         <name>__TI_cinit_table</name>
         <load_address>0x46a0</load_address>
         <run_address>0x46a0</run_address>
         <size>0x18</size>
      </object_component>
      <object_component id="oc-309">
         <name>.vtable</name>
         <uninitialized>true</uninitialized>
         <run_address>0x20000000</run_address>
         <size>0x26c</size>
         <input_file_ref idref="fl-e"/>
      </object_component>
      <object_component id="oc-15e">
         <name>.data</name>
         <load_address>0x20000750</load_address>
         <run_address>0x20000750</run_address>
         <size>0xd</size>
         <input_file_ref idref="fl-2"/>
      </object_component>
      <object_component id="oc-210">
         <name>.data</name>
         <load_address>0x2000075d</load_address>
         <run_address>0x2000075d</run_address>
         <size>0x1</size>
         <input_file_ref idref="fl-5"/>
      </object_component>
      <object_component id="oc-1da">
         <name>.data</name>
         <load_address>0x20000760</load_address>
         <run_address>0x20000760</run_address>
         <size>0x8</size>
         <input_file_ref idref="fl-6"/>
      </object_component>
      <object_component id="oc-264">
         <name>.data</name>
         <load_address>0x20000768</load_address>
         <run_address>0x20000768</run_address>
         <size>0x4</size>
         <input_file_ref idref="fl-7"/>
      </object_component>
      <object_component id="oc-3f0">
         <name>.data</name>
         <load_address>0x2000076c</load_address>
         <run_address>0x2000076c</run_address>
         <size>0x4</size>
         <input_file_ref idref="fl-dd"/>
      </object_component>
      <object_component id="oc-15f">
         <name>.bss</name>
         <uninitialized>true</uninitialized>
         <run_address>0x20000544</run_address>
         <size>0x4</size>
         <input_file_ref idref="fl-2"/>
      </object_component>
      <object_component id="oc-20a">
         <name>.bss:GPS_u8GGA</name>
         <uninitialized>true</uninitialized>
         <run_address>0x200004c4</run_address>
         <size>0x64</size>
         <input_file_ref idref="fl-5"/>
      </object_component>
      <object_component id="oc-20d">
         <name>.bss</name>
         <uninitialized>true</uninitialized>
         <run_address>0x20000540</run_address>
         <size>0x4</size>
         <input_file_ref idref="fl-5"/>
      </object_component>
      <object_component id="oc-207">
         <name>.bss:GPS_Object</name>
         <uninitialized>true</uninitialized>
         <run_address>0x20000528</run_address>
         <size>0x14</size>
         <input_file_ref idref="fl-5"/>
      </object_component>
      <object_component id="oc-1de">
         <name>.bss:CRLF_BUF$1</name>
         <uninitialized>true</uninitialized>
         <run_address>0x2000053c</run_address>
         <size>0x4</size>
         <input_file_ref idref="fl-6"/>
      </object_component>
      <object_component id="oc-1dd">
         <name>.bss</name>
         <uninitialized>true</uninitialized>
         <run_address>0x20000548</run_address>
         <size>0x1</size>
         <input_file_ref idref="fl-6"/>
      </object_component>
      <object_component id="oc-267">
         <name>.bss:stack_arr</name>
         <uninitialized>true</uninitialized>
         <run_address>0x2000026c</run_address>
         <size>0xc8</size>
         <input_file_ref idref="fl-7"/>
      </object_component>
      <object_component id="oc-1df">
         <name>.common:RESPONSE_BUFFER</name>
         <uninitialized>true</uninitialized>
         <run_address>0x20000334</run_address>
         <size>0xc8</size>
      </object_component>
      <object_component id="oc-1d1">
         <name>.common:_buffer</name>
         <uninitialized>true</uninitialized>
         <run_address>0x200003fc</run_address>
         <size>0xc8</size>
      </object_component>
      <object_component id="oc-24">
         <name>.stack</name>
         <uninitialized>true</uninitialized>
         <run_address>0x20000550</run_address>
         <size>0x4</size>
         <input_file_ref idref="fl-dc"/>
      </object_component>
      <object_component id="oc-481">
         <name>.stack</name>
         <uninitialized>true</uninitialized>
         <run_address>0x20000550</run_address>
         <size>0x0</size>
      </object_component>
      <object_component id="oc-b2">
         <name>.debug_info</name>
         <load_address>0x0</load_address>
         <run_address>0x0</run_address>
         <size>0x5a4</size>
         <input_file_ref idref="fl-2"/>
      </object_component>
      <object_component id="oc-160">
         <name>.debug_info</name>
         <load_address>0x5a4</load_address>
         <run_address>0x5a4</run_address>
         <size>0xcb</size>
         <input_file_ref idref="fl-2"/>
      </object_component>
      <object_component id="oc-c5">
         <name>.debug_info</name>
         <load_address>0x66f</load_address>
         <run_address>0x66f</run_address>
         <size>0x10bf</size>
         <input_file_ref idref="fl-2"/>
      </object_component>
      <object_component id="oc-70">
         <name>.debug_info</name>
         <load_address>0x172e</load_address>
         <run_address>0x172e</run_address>
         <size>0x26b</size>
         <input_file_ref idref="fl-2"/>
      </object_component>
      <object_component id="oc-125">
         <name>.debug_info</name>
         <load_address>0x1999</load_address>
         <run_address>0x1999</run_address>
         <size>0xcf</size>
         <input_file_ref idref="fl-2"/>
      </object_component>
      <object_component id="oc-36">
         <name>.debug_info</name>
         <load_address>0x1a68</load_address>
         <run_address>0x1a68</run_address>
         <size>0x84</size>
         <input_file_ref idref="fl-2"/>
      </object_component>
      <object_component id="oc-ad">
         <name>.debug_info</name>
         <load_address>0x1aec</load_address>
         <run_address>0x1aec</run_address>
         <size>0x2a4</size>
         <input_file_ref idref="fl-2"/>
      </object_component>
      <object_component id="oc-75">
         <name>.debug_info</name>
         <load_address>0x1d90</load_address>
         <run_address>0x1d90</run_address>
         <size>0xbb</size>
         <input_file_ref idref="fl-2"/>
      </object_component>
      <object_component id="oc-25f">
         <name>.debug_info</name>
         <load_address>0x1e4b</load_address>
         <run_address>0x1e4b</run_address>
         <size>0x2c</size>
         <input_file_ref idref="fl-2"/>
      </object_component>
      <object_component id="oc-12a">
         <name>.debug_info</name>
         <load_address>0x1e77</load_address>
         <run_address>0x1e77</run_address>
         <size>0x35</size>
         <input_file_ref idref="fl-2"/>
      </object_component>
      <object_component id="oc-218">
         <name>.debug_info</name>
         <load_address>0x1eac</load_address>
         <run_address>0x1eac</run_address>
         <size>0x44e</size>
         <input_file_ref idref="fl-3"/>
      </object_component>
      <object_component id="oc-e2">
         <name>.debug_info</name>
         <load_address>0x22fa</load_address>
         <run_address>0x22fa</run_address>
         <size>0xcd</size>
         <input_file_ref idref="fl-3"/>
      </object_component>
      <object_component id="oc-9d">
         <name>.debug_info</name>
         <load_address>0x23c7</load_address>
         <run_address>0x23c7</run_address>
         <size>0x28a</size>
         <input_file_ref idref="fl-3"/>
      </object_component>
      <object_component id="oc-ba">
         <name>.debug_info</name>
         <load_address>0x2651</load_address>
         <run_address>0x2651</run_address>
         <size>0x2c</size>
         <input_file_ref idref="fl-3"/>
      </object_component>
      <object_component id="oc-2f">
         <name>.debug_info</name>
         <load_address>0x267d</load_address>
         <run_address>0x267d</run_address>
         <size>0x2aa</size>
         <input_file_ref idref="fl-4"/>
      </object_component>
      <object_component id="oc-13">
         <name>.debug_info</name>
         <load_address>0x2927</load_address>
         <run_address>0x2927</run_address>
         <size>0xe9</size>
         <input_file_ref idref="fl-4"/>
      </object_component>
      <object_component id="oc-29">
         <name>.debug_info</name>
         <load_address>0x2a10</load_address>
         <run_address>0x2a10</run_address>
         <size>0x265</size>
         <input_file_ref idref="fl-4"/>
      </object_component>
      <object_component id="oc-215">
         <name>.debug_info</name>
         <load_address>0x2c75</load_address>
         <run_address>0x2c75</run_address>
         <size>0x577</size>
         <input_file_ref idref="fl-5"/>
      </object_component>
      <object_component id="oc-20b">
         <name>.debug_info</name>
         <load_address>0x31ec</load_address>
         <run_address>0x31ec</run_address>
         <size>0xda</size>
         <input_file_ref idref="fl-5"/>
      </object_component>
      <object_component id="oc-212">
         <name>.debug_info</name>
         <load_address>0x32c6</load_address>
         <run_address>0x32c6</run_address>
         <size>0xef</size>
         <input_file_ref idref="fl-5"/>
      </object_component>
      <object_component id="oc-20e">
         <name>.debug_info</name>
         <load_address>0x33b5</load_address>
         <run_address>0x33b5</run_address>
         <size>0xec</size>
         <input_file_ref idref="fl-5"/>
      </object_component>
      <object_component id="oc-208">
         <name>.debug_info</name>
         <load_address>0x34a1</load_address>
         <run_address>0x34a1</run_address>
         <size>0xdc</size>
         <input_file_ref idref="fl-5"/>
      </object_component>
      <object_component id="oc-dc">
         <name>.debug_info</name>
         <load_address>0x357d</load_address>
         <run_address>0x357d</run_address>
         <size>0x759</size>
         <input_file_ref idref="fl-5"/>
      </object_component>
      <object_component id="oc-177">
         <name>.debug_info</name>
         <load_address>0x3cd6</load_address>
         <run_address>0x3cd6</run_address>
         <size>0x8b</size>
         <input_file_ref idref="fl-5"/>
      </object_component>
      <object_component id="oc-1d2">
         <name>.debug_info</name>
         <load_address>0x3d61</load_address>
         <run_address>0x3d61</run_address>
         <size>0x702</size>
         <input_file_ref idref="fl-6"/>
      </object_component>
      <object_component id="oc-1db">
         <name>.debug_info</name>
         <load_address>0x4463</load_address>
         <run_address>0x4463</run_address>
         <size>0x142</size>
         <input_file_ref idref="fl-6"/>
      </object_component>
      <object_component id="oc-d7">
         <name>.debug_info</name>
         <load_address>0x45a5</load_address>
         <run_address>0x45a5</run_address>
         <size>0x1b34</size>
         <input_file_ref idref="fl-6"/>
      </object_component>
      <object_component id="oc-26b">
         <name>.debug_info</name>
         <load_address>0x60d9</load_address>
         <run_address>0x60d9</run_address>
         <size>0x275</size>
         <input_file_ref idref="fl-7"/>
      </object_component>
      <object_component id="oc-268">
         <name>.debug_info</name>
         <load_address>0x634e</load_address>
         <run_address>0x634e</run_address>
         <size>0xd7</size>
         <input_file_ref idref="fl-7"/>
      </object_component>
      <object_component id="oc-265">
         <name>.debug_info</name>
         <load_address>0x6425</load_address>
         <run_address>0x6425</run_address>
         <size>0xcb</size>
         <input_file_ref idref="fl-7"/>
      </object_component>
      <object_component id="oc-159">
         <name>.debug_info</name>
         <load_address>0x64f0</load_address>
         <run_address>0x64f0</run_address>
         <size>0x2f6</size>
         <input_file_ref idref="fl-7"/>
      </object_component>
      <object_component id="oc-17c">
         <name>.debug_info</name>
         <load_address>0x67e6</load_address>
         <run_address>0x67e6</run_address>
         <size>0x3e4</size>
         <input_file_ref idref="fl-d"/>
      </object_component>
      <object_component id="oc-303">
         <name>.debug_info</name>
         <load_address>0x6bca</load_address>
         <run_address>0x6bca</run_address>
         <size>0x170</size>
         <input_file_ref idref="fl-d"/>
      </object_component>
      <object_component id="oc-306">
         <name>.debug_info</name>
         <load_address>0x6d3a</load_address>
         <run_address>0x6d3a</run_address>
         <size>0x172</size>
         <input_file_ref idref="fl-d"/>
      </object_component>
      <object_component id="oc-288">
         <name>.debug_info</name>
         <load_address>0x6eac</load_address>
         <run_address>0x6eac</run_address>
         <size>0x164</size>
         <input_file_ref idref="fl-d"/>
      </object_component>
      <object_component id="oc-172">
         <name>.debug_info</name>
         <load_address>0x7010</load_address>
         <run_address>0x7010</run_address>
         <size>0x2bc</size>
         <input_file_ref idref="fl-d"/>
      </object_component>
      <object_component id="oc-16c">
         <name>.debug_info</name>
         <load_address>0x72cc</load_address>
         <run_address>0x72cc</run_address>
         <size>0x31f</size>
         <input_file_ref idref="fl-d"/>
      </object_component>
      <object_component id="oc-185">
         <name>.debug_info</name>
         <load_address>0x75eb</load_address>
         <run_address>0x75eb</run_address>
         <size>0x29b</size>
         <input_file_ref idref="fl-d"/>
      </object_component>
      <object_component id="oc-d1">
         <name>.debug_info</name>
         <load_address>0x7886</load_address>
         <run_address>0x7886</run_address>
         <size>0x2c0</size>
         <input_file_ref idref="fl-d"/>
      </object_component>
      <object_component id="oc-13d">
         <name>.debug_info</name>
         <load_address>0x7b46</load_address>
         <run_address>0x7b46</run_address>
         <size>0x2a5</size>
         <input_file_ref idref="fl-d"/>
      </object_component>
      <object_component id="oc-180">
         <name>.debug_info</name>
         <load_address>0x7deb</load_address>
         <run_address>0x7deb</run_address>
         <size>0x289</size>
         <input_file_ref idref="fl-d"/>
      </object_component>
      <object_component id="oc-23d">
         <name>.debug_info</name>
         <load_address>0x8074</load_address>
         <run_address>0x8074</run_address>
         <size>0x2a1</size>
         <input_file_ref idref="fl-d"/>
      </object_component>
      <object_component id="oc-144">
         <name>.debug_info</name>
         <load_address>0x8315</load_address>
         <run_address>0x8315</run_address>
         <size>0x2c4</size>
         <input_file_ref idref="fl-d"/>
      </object_component>
      <object_component id="oc-138">
         <name>.debug_info</name>
         <load_address>0x85d9</load_address>
         <run_address>0x85d9</run_address>
         <size>0x2d8</size>
         <input_file_ref idref="fl-d"/>
      </object_component>
      <object_component id="oc-14a">
         <name>.debug_info</name>
         <load_address>0x88b1</load_address>
         <run_address>0x88b1</run_address>
         <size>0x298</size>
         <input_file_ref idref="fl-d"/>
      </object_component>
      <object_component id="oc-27e">
         <name>.debug_info</name>
         <load_address>0x8b49</load_address>
         <run_address>0x8b49</run_address>
         <size>0x26b</size>
         <input_file_ref idref="fl-d"/>
      </object_component>
      <object_component id="oc-26e">
         <name>.debug_info</name>
         <load_address>0x8db4</load_address>
         <run_address>0x8db4</run_address>
         <size>0x297</size>
         <input_file_ref idref="fl-d"/>
      </object_component>
      <object_component id="oc-279">
         <name>.debug_info</name>
         <load_address>0x904b</load_address>
         <run_address>0x904b</run_address>
         <size>0xef</size>
         <input_file_ref idref="fl-d"/>
      </object_component>
      <object_component id="oc-164">
         <name>.debug_info</name>
         <load_address>0x913a</load_address>
         <run_address>0x913a</run_address>
         <size>0xbb</size>
         <input_file_ref idref="fl-d"/>
      </object_component>
      <object_component id="oc-2b0">
         <name>.debug_info</name>
         <load_address>0x91f5</load_address>
         <run_address>0x91f5</run_address>
         <size>0x3b7</size>
         <input_file_ref idref="fl-e"/>
      </object_component>
      <object_component id="oc-2ad">
         <name>.debug_info</name>
         <load_address>0x95ac</load_address>
         <run_address>0x95ac</run_address>
         <size>0x15b</size>
         <input_file_ref idref="fl-e"/>
      </object_component>
      <object_component id="oc-30a">
         <name>.debug_info</name>
         <load_address>0x9707</load_address>
         <run_address>0x9707</run_address>
         <size>0x160</size>
         <input_file_ref idref="fl-e"/>
      </object_component>
      <object_component id="oc-244">
         <name>.debug_info</name>
         <load_address>0x9867</load_address>
         <run_address>0x9867</run_address>
         <size>0x2ca</size>
         <input_file_ref idref="fl-e"/>
      </object_component>
      <object_component id="oc-19f">
         <name>.debug_info</name>
         <load_address>0x9b31</load_address>
         <run_address>0x9b31</run_address>
         <size>0x247</size>
         <input_file_ref idref="fl-e"/>
      </object_component>
      <object_component id="oc-1a5">
         <name>.debug_info</name>
         <load_address>0x9d78</load_address>
         <run_address>0x9d78</run_address>
         <size>0x271</size>
         <input_file_ref idref="fl-e"/>
      </object_component>
      <object_component id="oc-169">
         <name>.debug_info</name>
         <load_address>0x9fe9</load_address>
         <run_address>0x9fe9</run_address>
         <size>0x441</size>
         <input_file_ref idref="fl-f"/>
      </object_component>
      <object_component id="oc-28d">
         <name>.debug_info</name>
         <load_address>0xa42a</load_address>
         <run_address>0xa42a</run_address>
         <size>0x156</size>
         <input_file_ref idref="fl-f"/>
      </object_component>
      <object_component id="oc-cb">
         <name>.debug_info</name>
         <load_address>0xa580</load_address>
         <run_address>0xa580</run_address>
         <size>0x286</size>
         <input_file_ref idref="fl-f"/>
      </object_component>
      <object_component id="oc-131">
         <name>.debug_info</name>
         <load_address>0xa806</load_address>
         <run_address>0xa806</run_address>
         <size>0x2e4</size>
         <input_file_ref idref="fl-f"/>
      </object_component>
      <object_component id="oc-18b">
         <name>.debug_info</name>
         <load_address>0xaaea</load_address>
         <run_address>0xaaea</run_address>
         <size>0x2be</size>
         <input_file_ref idref="fl-f"/>
      </object_component>
      <object_component id="oc-275">
         <name>.debug_info</name>
         <load_address>0xada8</load_address>
         <run_address>0xada8</run_address>
         <size>0x51</size>
         <input_file_ref idref="fl-f"/>
      </object_component>
      <object_component id="oc-29d">
         <name>.debug_info</name>
         <load_address>0xadf9</load_address>
         <run_address>0xadf9</run_address>
         <size>0x3cb</size>
         <input_file_ref idref="fl-10"/>
      </object_component>
      <object_component id="oc-361">
         <name>.debug_info</name>
         <load_address>0xb1c4</load_address>
         <run_address>0xb1c4</run_address>
         <size>0x160</size>
         <input_file_ref idref="fl-10"/>
      </object_component>
      <object_component id="oc-364">
         <name>.debug_info</name>
         <load_address>0xb324</load_address>
         <run_address>0xb324</run_address>
         <size>0x172</size>
         <input_file_ref idref="fl-10"/>
      </object_component>
      <object_component id="oc-2a0">
         <name>.debug_info</name>
         <load_address>0xb496</load_address>
         <run_address>0xb496</run_address>
         <size>0x287</size>
         <input_file_ref idref="fl-10"/>
      </object_component>
      <object_component id="oc-197">
         <name>.debug_info</name>
         <load_address>0xb71d</load_address>
         <run_address>0xb71d</run_address>
         <size>0x2cc</size>
         <input_file_ref idref="fl-10"/>
      </object_component>
      <object_component id="oc-1a9">
         <name>.debug_info</name>
         <load_address>0xb9e9</load_address>
         <run_address>0xb9e9</run_address>
         <size>0x298</size>
         <input_file_ref idref="fl-10"/>
      </object_component>
      <object_component id="oc-298">
         <name>.debug_info</name>
         <load_address>0xbc81</load_address>
         <run_address>0xbc81</run_address>
         <size>0x250</size>
         <input_file_ref idref="fl-10"/>
      </object_component>
      <object_component id="oc-292">
         <name>.debug_info</name>
         <load_address>0xbed1</load_address>
         <run_address>0xbed1</run_address>
         <size>0x252</size>
         <input_file_ref idref="fl-10"/>
      </object_component>
      <object_component id="oc-191">
         <name>.debug_info</name>
         <load_address>0xc123</load_address>
         <run_address>0xc123</run_address>
         <size>0x32f</size>
         <input_file_ref idref="fl-10"/>
      </object_component>
      <object_component id="oc-1d6">
         <name>.debug_info</name>
         <load_address>0xc452</load_address>
         <run_address>0xc452</run_address>
         <size>0x27c</size>
         <input_file_ref idref="fl-10"/>
      </object_component>
      <object_component id="oc-1e2">
         <name>.debug_info</name>
         <load_address>0xc6ce</load_address>
         <run_address>0xc6ce</run_address>
         <size>0x26c</size>
         <input_file_ref idref="fl-10"/>
      </object_component>
      <object_component id="oc-2a6">
         <name>.debug_info</name>
         <load_address>0xc93a</load_address>
         <run_address>0xc93a</run_address>
         <size>0x21b</size>
         <input_file_ref idref="fl-11"/>
      </object_component>
      <object_component id="oc-25e">
         <name>.debug_info</name>
         <load_address>0xcb55</load_address>
         <run_address>0xcb55</run_address>
         <size>0x333</size>
         <input_file_ref idref="fl-c7"/>
      </object_component>
      <object_component id="oc-154">
         <name>.debug_info</name>
         <load_address>0xce88</load_address>
         <run_address>0xce88</run_address>
         <size>0x1d1</size>
         <input_file_ref idref="fl-c7"/>
      </object_component>
      <object_component id="oc-253">
         <name>.debug_info</name>
         <load_address>0xd059</load_address>
         <run_address>0xd059</run_address>
         <size>0x18d</size>
         <input_file_ref idref="fl-c7"/>
      </object_component>
      <object_component id="oc-25a">
         <name>.debug_info</name>
         <load_address>0xd1e6</load_address>
         <run_address>0xd1e6</run_address>
         <size>0x16d</size>
         <input_file_ref idref="fl-c7"/>
      </object_component>
      <object_component id="oc-3f7">
         <name>.debug_info</name>
         <load_address>0xd353</load_address>
         <run_address>0xd353</run_address>
         <size>0x2c</size>
         <input_file_ref idref="fl-c7"/>
      </object_component>
      <object_component id="oc-1ed">
         <name>.debug_info</name>
         <load_address>0xd37f</load_address>
         <run_address>0xd37f</run_address>
         <size>0x13a</size>
         <input_file_ref idref="fl-c8"/>
      </object_component>
      <object_component id="oc-1f1">
         <name>.debug_info</name>
         <load_address>0xd4b9</load_address>
         <run_address>0xd4b9</run_address>
         <size>0x13a</size>
         <input_file_ref idref="fl-c9"/>
      </object_component>
      <object_component id="oc-205">
         <name>.debug_info</name>
         <load_address>0xd5f3</load_address>
         <run_address>0xd5f3</run_address>
         <size>0x13e</size>
         <input_file_ref idref="fl-ca"/>
      </object_component>
      <object_component id="oc-1f6">
         <name>.debug_info</name>
         <load_address>0xd731</load_address>
         <run_address>0xd731</run_address>
         <size>0x139</size>
         <input_file_ref idref="fl-cb"/>
      </object_component>
      <object_component id="oc-14f">
         <name>.debug_info</name>
         <load_address>0xd86a</load_address>
         <run_address>0xd86a</run_address>
         <size>0x12c</size>
         <input_file_ref idref="fl-cc"/>
      </object_component>
      <object_component id="oc-3d">
         <name>.debug_info</name>
         <load_address>0xd996</load_address>
         <run_address>0xd996</run_address>
         <size>0x119</size>
         <input_file_ref idref="fl-cd"/>
      </object_component>
      <object_component id="oc-1e8">
         <name>.debug_info</name>
         <load_address>0xdaaf</load_address>
         <run_address>0xdaaf</run_address>
         <size>0x12e</size>
         <input_file_ref idref="fl-ce"/>
      </object_component>
      <object_component id="oc-91">
         <name>.debug_info</name>
         <load_address>0xdbdd</load_address>
         <run_address>0xdbdd</run_address>
         <size>0x147</size>
         <input_file_ref idref="fl-cf"/>
      </object_component>
      <object_component id="oc-8e">
         <name>.debug_info</name>
         <load_address>0xdd24</load_address>
         <run_address>0xdd24</run_address>
         <size>0x2d4</size>
         <input_file_ref idref="fl-d0"/>
      </object_component>
      <object_component id="oc-51">
         <name>.debug_info</name>
         <load_address>0xdff8</load_address>
         <run_address>0xdff8</run_address>
         <size>0x1b5</size>
         <input_file_ref idref="fl-d0"/>
      </object_component>
      <object_component id="oc-89">
         <name>.debug_info</name>
         <load_address>0xe1ad</load_address>
         <run_address>0xe1ad</run_address>
         <size>0x46</size>
         <input_file_ref idref="fl-d0"/>
      </object_component>
      <object_component id="oc-46">
         <name>.debug_info</name>
         <load_address>0xe1f3</load_address>
         <run_address>0xe1f3</run_address>
         <size>0x2a8</size>
         <input_file_ref idref="fl-d1"/>
      </object_component>
      <object_component id="oc-1c">
         <name>.debug_info</name>
         <load_address>0xe49b</load_address>
         <run_address>0xe49b</run_address>
         <size>0x1ea</size>
         <input_file_ref idref="fl-d1"/>
      </object_component>
      <object_component id="oc-41">
         <name>.debug_info</name>
         <load_address>0xe685</load_address>
         <run_address>0xe685</run_address>
         <size>0x46</size>
         <input_file_ref idref="fl-d1"/>
      </object_component>
      <object_component id="oc-81">
         <name>.debug_info</name>
         <load_address>0xe6cb</load_address>
         <run_address>0xe6cb</run_address>
         <size>0x2c</size>
         <input_file_ref idref="fl-d1"/>
      </object_component>
      <object_component id="oc-7f">
         <name>.debug_info</name>
         <load_address>0xe6f7</load_address>
         <run_address>0xe6f7</run_address>
         <size>0x29e</size>
         <input_file_ref idref="fl-d2"/>
      </object_component>
      <object_component id="oc-19">
         <name>.debug_info</name>
         <load_address>0xe995</load_address>
         <run_address>0xe995</run_address>
         <size>0x250</size>
         <input_file_ref idref="fl-d2"/>
      </object_component>
      <object_component id="oc-31">
         <name>.debug_info</name>
         <load_address>0xebe5</load_address>
         <run_address>0xebe5</run_address>
         <size>0x60</size>
         <input_file_ref idref="fl-d2"/>
      </object_component>
      <object_component id="oc-b3">
         <name>.debug_info</name>
         <load_address>0xec45</load_address>
         <run_address>0xec45</run_address>
         <size>0x46</size>
         <input_file_ref idref="fl-d2"/>
      </object_component>
      <object_component id="oc-7a">
         <name>.debug_info</name>
         <load_address>0xec8b</load_address>
         <run_address>0xec8b</run_address>
         <size>0x39</size>
         <input_file_ref idref="fl-d2"/>
      </object_component>
      <object_component id="oc-2d2">
         <name>.debug_info</name>
         <load_address>0xecc4</load_address>
         <run_address>0xecc4</run_address>
         <size>0x2c5</size>
         <input_file_ref idref="fl-d3"/>
      </object_component>
      <object_component id="oc-1fe">
         <name>.debug_info</name>
         <load_address>0xef89</load_address>
         <run_address>0xef89</run_address>
         <size>0x149</size>
         <input_file_ref idref="fl-d3"/>
      </object_component>
      <object_component id="oc-2be">
         <name>.debug_info</name>
         <load_address>0xf0d2</load_address>
         <run_address>0xf0d2</run_address>
         <size>0x2b9</size>
         <input_file_ref idref="fl-d4"/>
      </object_component>
      <object_component id="oc-1c7">
         <name>.debug_info</name>
         <load_address>0xf38b</load_address>
         <run_address>0xf38b</run_address>
         <size>0x17c</size>
         <input_file_ref idref="fl-d4"/>
      </object_component>
      <object_component id="oc-376">
         <name>.debug_info</name>
         <load_address>0xf507</load_address>
         <run_address>0xf507</run_address>
         <size>0xf9</size>
         <input_file_ref idref="fl-d5"/>
      </object_component>
      <object_component id="oc-2bb">
         <name>.debug_info</name>
         <load_address>0xf600</load_address>
         <run_address>0xf600</run_address>
         <size>0x105</size>
         <input_file_ref idref="fl-d5"/>
      </object_component>
      <object_component id="oc-2b5">
         <name>.debug_info</name>
         <load_address>0xf705</load_address>
         <run_address>0xf705</run_address>
         <size>0x2a0</size>
         <input_file_ref idref="fl-d6"/>
      </object_component>
      <object_component id="oc-1b5">
         <name>.debug_info</name>
         <load_address>0xf9a5</load_address>
         <run_address>0xf9a5</run_address>
         <size>0x1a9</size>
         <input_file_ref idref="fl-d6"/>
      </object_component>
      <object_component id="oc-2b3">
         <name>.debug_info</name>
         <load_address>0xfb4e</load_address>
         <run_address>0xfb4e</run_address>
         <size>0x28f</size>
         <input_file_ref idref="fl-d7"/>
      </object_component>
      <object_component id="oc-1b0">
         <name>.debug_info</name>
         <load_address>0xfddd</load_address>
         <run_address>0xfddd</run_address>
         <size>0x245</size>
         <input_file_ref idref="fl-d7"/>
      </object_component>
      <object_component id="oc-2b7">
         <name>.debug_info</name>
         <load_address>0x10022</load_address>
         <run_address>0x10022</run_address>
         <size>0x290</size>
         <input_file_ref idref="fl-d8"/>
      </object_component>
      <object_component id="oc-1ba">
         <name>.debug_info</name>
         <load_address>0x102b2</load_address>
         <run_address>0x102b2</run_address>
         <size>0x2a4</size>
         <input_file_ref idref="fl-d8"/>
      </object_component>
      <object_component id="oc-2b9">
         <name>.debug_info</name>
         <load_address>0x10556</load_address>
         <run_address>0x10556</run_address>
         <size>0x2af</size>
         <input_file_ref idref="fl-d9"/>
      </object_component>
      <object_component id="oc-1c0">
         <name>.debug_info</name>
         <load_address>0x10805</load_address>
         <run_address>0x10805</run_address>
         <size>0x277</size>
         <input_file_ref idref="fl-d9"/>
      </object_component>
      <object_component id="oc-2c0">
         <name>.debug_info</name>
         <load_address>0x10a7c</load_address>
         <run_address>0x10a7c</run_address>
         <size>0x295</size>
         <input_file_ref idref="fl-da"/>
      </object_component>
      <object_component id="oc-1cd">
         <name>.debug_info</name>
         <load_address>0x10d11</load_address>
         <run_address>0x10d11</run_address>
         <size>0x1d1</size>
         <input_file_ref idref="fl-da"/>
      </object_component>
      <object_component id="oc-38a">
         <name>.debug_info</name>
         <load_address>0x10ee2</load_address>
         <run_address>0x10ee2</run_address>
         <size>0x3b1</size>
         <input_file_ref idref="fl-db"/>
      </object_component>
      <object_component id="oc-387">
         <name>.debug_info</name>
         <load_address>0x11293</load_address>
         <run_address>0x11293</run_address>
         <size>0x123</size>
         <input_file_ref idref="fl-db"/>
      </object_component>
      <object_component id="oc-2cc">
         <name>.debug_info</name>
         <load_address>0x113b6</load_address>
         <run_address>0x113b6</run_address>
         <size>0x4e0</size>
         <input_file_ref idref="fl-db"/>
      </object_component>
      <object_component id="oc-25">
         <name>.debug_info</name>
         <load_address>0x11896</load_address>
         <run_address>0x11896</run_address>
         <size>0x10b</size>
         <input_file_ref idref="fl-dc"/>
      </object_component>
      <object_component id="oc-5c">
         <name>.debug_info</name>
         <load_address>0x119a1</load_address>
         <run_address>0x119a1</run_address>
         <size>0x1a9</size>
         <input_file_ref idref="fl-dc"/>
      </object_component>
      <object_component id="oc-3f4">
         <name>.debug_info</name>
         <load_address>0x11b4a</load_address>
         <run_address>0x11b4a</run_address>
         <size>0x289</size>
         <input_file_ref idref="fl-dd"/>
      </object_component>
      <object_component id="oc-3f1">
         <name>.debug_info</name>
         <load_address>0x11dd3</load_address>
         <run_address>0x11dd3</run_address>
         <size>0x10e</size>
         <input_file_ref idref="fl-dd"/>
      </object_component>
      <object_component id="oc-340">
         <name>.debug_info</name>
         <load_address>0x11ee1</load_address>
         <run_address>0x11ee1</run_address>
         <size>0x14e</size>
         <input_file_ref idref="fl-dd"/>
      </object_component>
      <object_component id="oc-414">
         <name>.debug_info</name>
         <load_address>0x1202f</load_address>
         <run_address>0x1202f</run_address>
         <size>0x2f8</size>
         <input_file_ref idref="fl-de"/>
      </object_component>
      <object_component id="oc-382">
         <name>.debug_info</name>
         <load_address>0x12327</load_address>
         <run_address>0x12327</run_address>
         <size>0x225</size>
         <input_file_ref idref="fl-de"/>
      </object_component>
      <object_component id="oc-446">
         <name>.debug_info</name>
         <load_address>0x1254c</load_address>
         <run_address>0x1254c</run_address>
         <size>0x39</size>
         <input_file_ref idref="fl-de"/>
      </object_component>
      <object_component id="oc-415">
         <name>.debug_info</name>
         <load_address>0x12585</load_address>
         <run_address>0x12585</run_address>
         <size>0x2c</size>
         <input_file_ref idref="fl-de"/>
      </object_component>
      <object_component id="oc-343">
         <name>.debug_info</name>
         <load_address>0x125b1</load_address>
         <run_address>0x125b1</run_address>
         <size>0x590</size>
         <input_file_ref idref="fl-df"/>
      </object_component>
      <object_component id="oc-30e">
         <name>.debug_info</name>
         <load_address>0x12b41</load_address>
         <run_address>0x12b41</run_address>
         <size>0x21e</size>
         <input_file_ref idref="fl-df"/>
      </object_component>
      <object_component id="oc-3c0">
         <name>.debug_info</name>
         <load_address>0x12d5f</load_address>
         <run_address>0x12d5f</run_address>
         <size>0x1b3</size>
         <input_file_ref idref="fl-df"/>
      </object_component>
      <object_component id="oc-3c6">
         <name>.debug_info</name>
         <load_address>0x12f12</load_address>
         <run_address>0x12f12</run_address>
         <size>0x21b</size>
         <input_file_ref idref="fl-df"/>
      </object_component>
      <object_component id="oc-319">
         <name>.debug_info</name>
         <load_address>0x1312d</load_address>
         <run_address>0x1312d</run_address>
         <size>0x3c0</size>
         <input_file_ref idref="fl-df"/>
      </object_component>
      <object_component id="oc-3cd">
         <name>.debug_info</name>
         <load_address>0x134ed</load_address>
         <run_address>0x134ed</run_address>
         <size>0x30a</size>
         <input_file_ref idref="fl-df"/>
      </object_component>
      <object_component id="oc-3d3">
         <name>.debug_info</name>
         <load_address>0x137f7</load_address>
         <run_address>0x137f7</run_address>
         <size>0x215</size>
         <input_file_ref idref="fl-df"/>
      </object_component>
      <object_component id="oc-31f">
         <name>.debug_info</name>
         <load_address>0x13a0c</load_address>
         <run_address>0x13a0c</run_address>
         <size>0x215</size>
         <input_file_ref idref="fl-df"/>
      </object_component>
      <object_component id="oc-325">
         <name>.debug_info</name>
         <load_address>0x13c21</load_address>
         <run_address>0x13c21</run_address>
         <size>0x304</size>
         <input_file_ref idref="fl-df"/>
      </object_component>
      <object_component id="oc-32b">
         <name>.debug_info</name>
         <load_address>0x13f25</load_address>
         <run_address>0x13f25</run_address>
         <size>0x4b5</size>
         <input_file_ref idref="fl-df"/>
      </object_component>
      <object_component id="oc-24c">
         <name>.debug_info</name>
         <load_address>0x143da</load_address>
         <run_address>0x143da</run_address>
         <size>0x5f4</size>
         <input_file_ref idref="fl-df"/>
      </object_component>
      <object_component id="oc-344">
         <name>.debug_info</name>
         <load_address>0x149ce</load_address>
         <run_address>0x149ce</run_address>
         <size>0x86</size>
         <input_file_ref idref="fl-df"/>
      </object_component>
      <object_component id="oc-3fc">
         <name>.debug_info</name>
         <load_address>0x14a54</load_address>
         <run_address>0x14a54</run_address>
         <size>0x39</size>
         <input_file_ref idref="fl-df"/>
      </object_component>
      <object_component id="oc-43e">
         <name>.debug_info</name>
         <load_address>0x14a8d</load_address>
         <run_address>0x14a8d</run_address>
         <size>0xb6</size>
         <input_file_ref idref="fl-df"/>
      </object_component>
      <object_component id="oc-401">
         <name>.debug_info</name>
         <load_address>0x14b43</load_address>
         <run_address>0x14b43</run_address>
         <size>0x46</size>
         <input_file_ref idref="fl-df"/>
      </object_component>
      <object_component id="oc-349">
         <name>.debug_info</name>
         <load_address>0x14b89</load_address>
         <run_address>0x14b89</run_address>
         <size>0x46</size>
         <input_file_ref idref="fl-df"/>
      </object_component>
      <object_component id="oc-37e">
         <name>.debug_info</name>
         <load_address>0x14bcf</load_address>
         <run_address>0x14bcf</run_address>
         <size>0x14c</size>
         <input_file_ref idref="fl-e0"/>
      </object_component>
      <object_component id="oc-314">
[...]
         <value>0x1aa5</value>
         <object_component_ref idref="oc-db"/>
      </symbol>
      <symbol id="sm-150">
         <name>GPS_pu8DesiredFrame</name>
         <value>0x4344</value>
         <object_component_ref idref="oc-211"/>
      </symbol>
      <symbol id="sm-151">
         <name>GPS_vReceiveData</name>
         <value>0x1af9</value>
         <object_component_ref idref="oc-db"/>
      </symbol>
      <symbol id="sm-208">
         <name>RESPONSE_BUFFER</name>
         <value>0x20000334</value>
      </symbol>
      <symbol id="sm-209">
         <name>_buffer</name>
         <value>0x200003fc</value>
      </symbol>
      <symbol id="sm-20a">
         <name>HTTP_Read</name>
         <value>0x12ed</value>
         <object_component_ref idref="oc-d5"/>
      </symbol>
      <symbol id="sm-20b">
         <name>SIM900HTTP_Init</name>
         <value>0x13ed</value>
         <object_component_ref idref="oc-d5"/>
      </symbol>
      <symbol id="sm-20c">
         <name>Buffer_Flush</name>
         <value>0xed1</value>
         <object_component_ref idref="oc-d5"/>
      </symbol>
      <symbol id="sm-20d">
         <name>HTTP_get</name>
         <value>0x13af</value>
         <object_component_ref idref="oc-d5"/>
      </symbol>
      <symbol id="sm-20e">
         <name>GSM_Initialize</name>
         <value>0xd43</value>
         <object_component_ref idref="oc-d5"/>
      </symbol>
      <symbol id="sm-20f">
         <name>HTTP_Parameter</name>
         <value>0x1041</value>
         <object_component_ref idref="oc-d5"/>
      </symbol>
      <symbol id="sm-210">
         <name>TimeOut</name>
         <value>0x20000764</value>
         <object_component_ref idref="oc-1da"/>
      </symbol>
      <symbol id="sm-211">
         <name>ISR</name>
         <value>0x14bb</value>
         <object_component_ref idref="oc-d5"/>
      </symbol>
      <symbol id="sm-212">
         <name>HTTP_Post</name>
         <value>0x135d</value>
         <object_component_ref idref="oc-d5"/>
      </symbol>
      <symbol id="sm-213">
         <name>Counter</name>
         <value>0x20000762</value>
         <object_component_ref idref="oc-1da"/>
      </symbol>
      <symbol id="sm-214">
         <name>GSM_CheckConnection</name>
         <value>0xd6b</value>
         <object_component_ref idref="oc-d5"/>
      </symbol>
      <symbol id="sm-215">
         <name>WaitForExpectedResponse</name>
         <value>0xfb7</value>
         <object_component_ref idref="oc-d5"/>
      </symbol>
      <symbol id="sm-216">
         <name>HTTP_SetPost_json</name>
         <value>0x125d</value>
         <object_component_ref idref="oc-d5"/>
      </symbol>
      <symbol id="sm-217">
         <name>HTTP_Action</name>
         <value>0x12c1</value>
         <object_component_ref idref="oc-d5"/>
      </symbol>
      <symbol id="sm-218">
         <name>HTTP_Terminate</name>
         <value>0x1221</value>
         <object_component_ref idref="oc-d5"/>
      </symbol>
      <symbol id="sm-219">
         <name>SendATandExpectResponse</name>
         <value>0xfe9</value>
         <object_component_ref idref="oc-d5"/>
      </symbol>
      <symbol id="sm-21a">
         <name>HTTP_Data</name>
         <value>0x1285</value>
         <object_component_ref idref="oc-d5"/>
      </symbol>
      <symbol id="sm-21b">
         <name>delayMs</name>
         <value>0x1581</value>
         <object_component_ref idref="oc-d5"/>
      </symbol>
      <symbol id="sm-21c">
         <name>uart_init</name>
         <value>0xcbd</value>
         <object_component_ref idref="oc-d5"/>
      </symbol>
      <symbol id="sm-21d">
         <name>HTTP_SetURL</name>
         <value>0x1233</value>
         <object_component_ref idref="oc-d5"/>
      </symbol>
      <symbol id="sm-21e">
         <name>SIM900HTTP_Connect</name>
         <value>0x116d</value>
         <object_component_ref idref="oc-d5"/>
      </symbol>
      <symbol id="sm-21f">
         <name>HTTP_Save</name>
         <value>0x1269</value>
         <object_component_ref idref="oc-d5"/>
      </symbol>
      <symbol id="sm-220">
         <name>Response_Status</name>
         <value>0x20000760</value>
         <object_component_ref idref="oc-1da"/>
      </symbol>
      <symbol id="sm-221">
         <name>HTTP_Init</name>
         <value>0x120f</value>
         <object_component_ref idref="oc-d5"/>
      </symbol>
      <symbol id="sm-222">
         <name>GetResponseBody</name>
         <value>0xf0d</value>
         <object_component_ref idref="oc-d5"/>
      </symbol>
      <symbol id="sm-223">
         <name>HTTP_Connected</name>
         <value>0x1241</value>
         <object_component_ref idref="oc-d5"/>
      </symbol>
      <symbol id="sm-224">
         <name>Read_Response</name>
         <value>0xdbb</value>
         <object_component_ref idref="oc-d5"/>
      </symbol>
      <symbol id="sm-225">
         <name>CRLF_COUNT</name>
         <value>0x20000761</value>
         <object_component_ref idref="oc-1da"/>
      </symbol>
      <symbol id="sm-226">
         <name>Start_Read_Response</name>
         <value>0xebb</value>
         <object_component_ref idref="oc-d5"/>
      </symbol>
      <symbol id="sm-227">
         <name>SEND_LAT_LONG</name>
         <value>0xd83</value>
         <object_component_ref idref="oc-d5"/>
      </symbol>
      <symbol id="sm-228">
         <name>SIM900HTTP_Start</name>
         <value>0x1119</value>
         <object_component_ref idref="oc-d5"/>
      </symbol>
      <symbol id="sm-24e">
         <name>Read_u8Top</name>
         <value>0x3273</value>
         <object_component_ref idref="oc-158"/>
      </symbol>
      <symbol id="sm-24f">
         <name>push</name>
         <value>0x31fd</value>
         <object_component_ref idref="oc-158"/>
      </symbol>
      <symbol id="sm-250">
         <name>pop</name>
         <value>0x3237</value>
         <object_component_ref idref="oc-158"/>
      </symbol>
      <symbol id="sm-2e5">
         <name>GPIOIntRegister</name>
         <value>0x3ebd</value>
         <object_component_ref idref="oc-135"/>
      </symbol>
      <symbol id="sm-2e6">
         <name>GPIOPinConfigure</name>
         <value>0x398d</value>
         <object_component_ref idref="oc-17d"/>
      </symbol>
      <symbol id="sm-2e7">
         <name>GPIOIntEnable</name>
         <value>0x3fcb</value>
         <object_component_ref idref="oc-147"/>
      </symbol>
      <symbol id="sm-2e8">
         <name>GPIOIntTypeSet</name>
         <value>0x3839</value>
         <object_component_ref idref="oc-141"/>
      </symbol>
      <symbol id="sm-2e9">
         <name>GPIOPinTypeGPIOInput</name>
         <value>0x3f05</value>
         <object_component_ref idref="oc-13b"/>
      </symbol>
      <symbol id="sm-2ea">
         <name>GPIOPinTypeUART</name>
         <value>0x3f1b</value>
         <object_component_ref idref="oc-183"/>
      </symbol>
      <symbol id="sm-2eb">
         <name>GPIOPinTypeGPIOOutput</name>
         <value>0x3e89</value>
         <object_component_ref idref="oc-cf"/>
      </symbol>
      <symbol id="sm-2ec">
         <name>GPIODirModeSet</name>
         <value>0x3dab</value>
         <object_component_ref idref="oc-170"/>
      </symbol>
      <symbol id="sm-2ed">
         <name>GPIOPadConfigSet</name>
         <value>0x27f9</value>
         <object_component_ref idref="oc-16a"/>
      </symbol>
      <symbol id="sm-327">
         <name>IntEnable</name>
         <value>0x3705</value>
         <object_component_ref idref="oc-1a1"/>
      </symbol>
      <symbol id="sm-328">
         <name>IntRegister</name>
         <value>0x3cad</value>
         <object_component_ref idref="oc-240"/>
      </symbol>
      <symbol id="sm-329">
         <name>g_pfnRAMVectors</name>
         <value>0x20000000</value>
         <object_component_ref idref="oc-309"/>
      </symbol>
      <symbol id="sm-32a">
         <name>IntMasterEnable</name>
         <value>0x3f93</value>
         <object_component_ref idref="oc-19b"/>
      </symbol>
      <symbol id="sm-37d">
         <name>SysCtlClockSet</name>
         <value>0x3021</value>
         <object_component_ref idref="oc-12f"/>
      </symbol>
      <symbol id="sm-37e">
         <name>SysCtlDelay</name>
         <value>0x4015</value>
         <object_component_ref idref="oc-1fa"/>
      </symbol>
      <symbol id="sm-37f">
         <name>SysCtlPeripheralEnable</name>
         <value>0x3ce1</value>
         <object_component_ref idref="oc-c9"/>
      </symbol>
      <symbol id="sm-380">
         <name>SysCtlClockGet</name>
         <value>0x2cfd</value>
         <object_component_ref idref="oc-189"/>
      </symbol>
      <symbol id="sm-3e1">
         <name>UARTConfigSetExpClk</name>
         <value>0x3a6d</value>
         <object_component_ref idref="oc-18f"/>
      </symbol>
      <symbol id="sm-3e2">
         <name>UARTDisable</name>
         <value>0x3e2d</value>
         <object_component_ref idref="oc-290"/>
      </symbol>
      <symbol id="sm-3e3">
         <name>UARTIntEnable</name>
         <value>0x4003</value>
         <object_component_ref idref="oc-1a7"/>
      </symbol>
      <symbol id="sm-3e4">
         <name>UARTCharGetNonBlocking</name>
         <value>0x3fa3</value>
         <object_component_ref idref="oc-1e0"/>
      </symbol>
      <symbol id="sm-3e5">
         <name>UARTCharPut</name>
         <value>0x3fef</value>
         <object_component_ref idref="oc-1d4"/>
      </symbol>
      <symbol id="sm-3e6">
         <name>UARTEnable</name>
         <value>0x3f47</value>
         <object_component_ref idref="oc-296"/>
      </symbol>
      <symbol id="sm-3e7">
         <name>UARTIntRegister</name>
         <value>0x3ed5</value>
         <object_component_ref idref="oc-195"/>
      </symbol>
      <symbol id="sm-3f1">
         <name>CPUcpsie</name>
         <value>0x3fbf</value>
         <object_component_ref idref="oc-2a5"/>
      </symbol>
      <symbol id="sm-418">
         <name>sprintf</name>
         <value>0x3bc1</value>
         <object_component_ref idref="oc-152"/>
      </symbol>
      <symbol id="sm-42c">
         <name>__aeabi_ddiv</name>
         <value>0x2aa1</value>
         <object_component_ref idref="oc-1eb"/>
      </symbol>
      <symbol id="sm-437">
         <name>__aeabi_dmul</name>
         <value>0x2f25</value>
         <object_component_ref idref="oc-1f0"/>
      </symbol>
      <symbol id="sm-443">
         <name>__aeabi_d2f</name>
         <value>0x3695</value>
         <object_component_ref idref="oc-202"/>
      </symbol>
      <symbol id="sm-44d">
         <name>__aeabi_d2uiz</name>
         <value>0x3b3d</value>
         <object_component_ref idref="oc-1f5"/>
      </symbol>
      <symbol id="sm-458">
         <name>__aeabi_f2d</name>
         <value>0x3c3f</value>
         <object_component_ref idref="oc-14d"/>
      </symbol>
      <symbol id="sm-473">
         <name>memcpy</name>
         <value>0x336f</value>
         <object_component_ref idref="oc-3b"/>
      </symbol>
      <symbol id="sm-474">
         <name>__aeabi_memcpy</name>
         <value>0x336f</value>
         <object_component_ref idref="oc-3b"/>
      </symbol>
      <symbol id="sm-475">
         <name>__aeabi_memcpy8</name>
         <value>0x336f</value>
         <object_component_ref idref="oc-3b"/>
      </symbol>
      <symbol id="sm-476">
         <name>__aeabi_memcpy4</name>
         <value>0x336f</value>
         <object_component_ref idref="oc-3b"/>
      </symbol>
      <symbol id="sm-480">
         <name>__aeabi_ui2d</name>
         <value>0x3e4d</value>
         <object_component_ref idref="oc-1e6"/>
      </symbol>
      <symbol id="sm-48f">
         <name>__aeabi_memset</name>
         <value>0x35af</value>
         <object_component_ref idref="oc-8f"/>
      </symbol>
      <symbol id="sm-490">
         <name>memset</name>
         <value>0x35b5</value>
         <object_component_ref idref="oc-8f"/>
      </symbol>
      <symbol id="sm-491">
         <name>__aeabi_memset8</name>
         <value>0x35af</value>
         <object_component_ref idref="oc-8f"/>
      </symbol>
      <symbol id="sm-492">
         <name>__aeabi_memset4</name>
         <value>0x35af</value>
         <object_component_ref idref="oc-8f"/>
      </symbol>
      <symbol id="sm-493">
         <name>__aeabi_memclr8</name>
         <value>0x35ad</value>
         <object_component_ref idref="oc-8f"/>
      </symbol>
      <symbol id="sm-494">
         <name>__aeabi_memclr4</name>
         <value>0x35ad</value>
         <object_component_ref idref="oc-8f"/>
      </symbol>
      <symbol id="sm-495">
         <name>__aeabi_memclr</name>
         <value>0x35ad</value>
         <object_component_ref idref="oc-8f"/>
      </symbol>
      <symbol id="sm-4a7">
         <name>__TI_zero_init</name>
         <value>0x3fd7</value>
         <object_component_ref idref="oc-4d"/>
      </symbol>
      <symbol id="sm-4be">
         <name>__TI_decompress_none</name>
         <value>0x3fb1</value>
         <object_component_ref idref="oc-1b"/>
      </symbol>
      <symbol id="sm-4e1">
         <name>__TI_decompress_lzss</name>
         <value>0x376d</value>
         <object_component_ref idref="oc-15"/>
      </symbol>
      <symbol id="sm-4ee">
         <name>atof</name>
         <value>0x3f6f</value>
         <object_component_ref idref="oc-1fc"/>
      </symbol>
      <symbol id="sm-504">
         <name>atoi</name>
         <value>0x39d9</value>
         <object_component_ref idref="oc-1c5"/>
      </symbol>
      <symbol id="sm-50f">
         <name>_ctypes_</name>
         <value>0x4168</value>
         <object_component_ref idref="oc-2ba"/>
      </symbol>
      <symbol id="sm-520">
         <name>memmove</name>
         <value>0x3e03</value>
         <object_component_ref idref="oc-1b3"/>
      </symbol>
      <symbol id="sm-52e">
         <name>strlen</name>
         <value>0x3f5b</value>
         <object_component_ref idref="oc-1ad"/>
      </symbol>
      <symbol id="sm-53e">
         <name>strncmp</name>
         <value>0x3dd7</value>
         <object_component_ref idref="oc-1b9"/>
      </symbol>
      <symbol id="sm-54e">
         <name>strncpy</name>
         <value>0x3c77</value>
         <object_component_ref idref="oc-1bf"/>
      </symbol>
      <symbol id="sm-561">
         <name>strstr</name>
         <value>0x3d49</value>
         <object_component_ref idref="oc-1cb"/>
      </symbol>
      <symbol id="sm-5c1">
         <name>strtold</name>
         <value>0x1645</value>
         <object_component_ref idref="oc-2cb"/>
      </symbol>
      <symbol id="sm-5c2">
         <name>strtod</name>
         <value>0x1645</value>
         <object_component_ref idref="oc-2cb"/>
      </symbol>
      <symbol id="sm-5d5">
         <name>__stack</name>
         <value>0x20000550</value>
         <object_component_ref idref="oc-24"/>
      </symbol>
      <symbol id="sm-5d6">
         <name>_c_int00_noargs</name>
         <value>0x3d15</value>
         <object_component_ref idref="oc-59"/>
      </symbol>
      <symbol id="sm-5ec">
         <name>__aeabi_errno_addr</name>
         <value>0x400d</value>
         <object_component_ref idref="oc-33c"/>
      </symbol>
      <symbol id="sm-5ed">
         <name>errno</name>
         <value>0x2000076c</value>
         <object_component_ref idref="oc-3f0"/>
      </symbol>
      <symbol id="sm-614">
         <name>scalbn</name>
         <value>0x2e15</value>
         <object_component_ref idref="oc-380"/>
      </symbol>
      <symbol id="sm-615">
         <name>scalbnl</name>
         <value>0x2e15</value>
         <object_component_ref idref="oc-380"/>
      </symbol>
      <symbol id="sm-616">
         <name>ldexpl</name>
         <value>0x2e15</value>
         <object_component_ref idref="oc-380"/>
      </symbol>
      <symbol id="sm-617">
         <name>ldexp</name>
         <value>0x2e15</value>
         <object_component_ref idref="oc-380"/>
      </symbol>
      <symbol id="sm-77c">
         <name>__TI_printfi</name>
         <value>0x26d</value>
         <object_component_ref idref="oc-24b"/>
      </symbol>
      <symbol id="sm-793">
         <name>__aeabi_dsub</name>
         <value>0x2641</value>
         <object_component_ref idref="oc-37b"/>
      </symbol>
      <symbol id="sm-794">
         <name>__aeabi_dadd</name>
         <value>0x264b</value>
         <object_component_ref idref="oc-37b"/>
      </symbol>
      <symbol id="sm-7b6">
         <name>__aeabi_cdcmpeq</name>
         <value>0x34a1</value>
         <object_component_ref idref="oc-313"/>
      </symbol>
      <symbol id="sm-7b7">
         <name>__aeabi_cdcmple</name>
         <value>0x34a1</value>
         <object_component_ref idref="oc-313"/>
      </symbol>
      <symbol id="sm-7b8">
         <name>__aeabi_cdrcmple</name>
         <value>0x3527</value>
         <object_component_ref idref="oc-3aa"/>
      </symbol>
      <symbol id="sm-7c2">
         <name>__aeabi_d2iz</name>
         <value>0x3a25</value>
         <object_component_ref idref="oc-3af"/>
      </symbol>
      <symbol id="sm-7cc">
         <name>__aeabi_i2d</name>
         <value>0x3d7d</value>
         <object_component_ref idref="oc-3ba"/>
      </symbol>
      <symbol id="sm-7d9">
         <name>__aeabi_uldivmod</name>
         <value>0x340b</value>
         <object_component_ref idref="oc-3a3"/>
      </symbol>
      <symbol id="sm-801">
         <name>__TI_auto_init_nobinit_nopinit</name>
         <value>0x3af9</value>
         <object_component_ref idref="oc-f1"/>
      </symbol>
      <symbol id="sm-80b">
         <name>_system_pre_init</name>
         <value>0x401b</value>
         <object_component_ref idref="oc-95"/>
      </symbol>
      <symbol id="sm-817">
         <name>C$$EXIT</name>
         <value>0x401f</value>
         <object_component_ref idref="oc-e5"/>
      </symbol>
      <symbol id="sm-818">
         <name>abort</name>
         <value>0x401f</value>
         <object_component_ref idref="oc-e5"/>
      </symbol>
      <symbol id="sm-828">
         <name>__TI_ltoa</name>
         <value>0x38e7</value>
         <object_component_ref idref="oc-3b4"/>
      </symbol>
      <symbol id="sm-839">
         <name>memccpy</name>
         <value>0x3e6d</value>
         <object_component_ref idref="oc-330"/>
      </symbol>
      <symbol id="sm-849">
         <name>strchr</name>
         <value>0x3f31</value>
         <object_component_ref idref="oc-3e0"/>
      </symbol>
      <symbol id="sm-862">
         <name>wcslen</name>
         <value>0x3f81</value>
         <object_component_ref idref="oc-336"/>
      </symbol>
      <symbol id="sm-86c">
         <name>copysign</name>
         <value>0x3ea3</value>
         <object_component_ref idref="oc-40d"/>
      </symbol>
      <symbol id="sm-86d">
         <name>copysignl</name>
         <value>0x3ea3</value>
         <object_component_ref idref="oc-40d"/>
      </symbol>
      <symbol id="sm-883">
         <name>frexpl</name>
         <value>0x37d5</value>
         <object_component_ref idref="oc-3da"/>
      </symbol>
      <symbol id="sm-884">
         <name>frexp</name>
         <value>0x37d5</value>
         <object_component_ref idref="oc-3da"/>
      </symbol>
      <symbol id="sm-88e">
         <name>__aeabi_idiv0</name>
         <value>0xcbb</value>
         <object_component_ref idref="oc-41e"/>
      </symbol>
      <symbol id="sm-88f">
         <name>__aeabi_ldiv0</name>
         <value>0xcbb</value>
         <object_component_ref idref="oc-41e"/>
      </symbol>
      <symbol id="sm-890">
         <name>__TI_static_base__</name>
         <value>0x0</value>
      </symbol>
      <symbol id="sm-893">
         <name>__mpu_init</name>
         <value>0x0</value>
      </symbol>
      <symbol id="sm-894">
         <name>_system_post_cinit</name>
         <value>0x0</value>
      </symbol>
   </symbol_table>
   <title>Link successful</title>
</link_info>
